---
source: nextgen/vcs-hooks/tests/hooks_generator_test.rs
expression: "out1.replace(\"powershell.exe\", \"pwsh.exe\")"
---
#!/bin/sh
pwsh.exe -NoProfile -ExecutionPolicy Bypass -File '.\.moon\hooks\pre-commit.ps1'
