---
source: crates/project/tests/project_graph_test.rs
assertion_line: 94
expression: graph.to_dot()

---
digraph {
    0 [ label="(workspace)" style=filled, shape=circle, fillcolor=black, fontcolor=white]
    1 [ label="a" style=filled, shape=circle, fillcolor=gray, fontcolor=black]
    2 [ label="b" style=filled, shape=circle, fillcolor=gray, fontcolor=black]
    3 [ label="c" style=filled, shape=circle, fillcolor=gray, fontcolor=black]
    4 [ label="d" style=filled, shape=circle, fillcolor=gray, fontcolor=black]
    0 -> 1 [ arrowhead=none]
    0 -> 2 [ arrowhead=none]
    0 -> 3 [ arrowhead=none]
    2 -> 3 [ arrowhead=box, arrowtail=box]
    1 -> 2 [ arrowhead=box, arrowtail=box]
    0 -> 4 [ arrowhead=none]
    4 -> 1 [ arrowhead=box, arrowtail=box]
    4 -> 2 [ arrowhead=box, arrowtail=box]
    4 -> 3 [ arrowhead=box, arrowtail=box]
}

