---
source: crates/workspace/src/dep_graph.rs
assertion_line: 381
expression: graph.to_dot()

---
digraph {
    0 [ label = "\"SetupToolchain\"" ]
    1 [ label = "\"InstallNodeDeps\"" ]
    2 [ label = "\"SyncProject(tasks)\"" ]
    3 [ label = "\"RunTarget(tasks:lint)\"" ]
    1 -> 0 [ ]
    2 -> 0 [ ]
    3 -> 1 [ ]
    3 -> 2 [ ]
}

