---
source: crates/cli/tests/run_node_test.rs
assertion_line: 526
expression: get_assert_output(&assert)
---
▪▪▪▪ npm install
▪▪▪▪ npm:version
7.24.0

Tasks: 1 completed
 Time: 100ms



