---
source: crates/cli/tests/run_test.rs
assertion_line: 883
expression: get_assert_output(&assert)
---
▪▪▪▪ npm install
▪▪▪▪ system:envVars
MOON_FOO=abc
MOON_BAR=123
MOON_BAZ=true

Tasks: 1 completed
 Time: 100ms


