---
source: crates/cli/tests/run_test.rs
expression: get_assert_output(&assert)
---
▪▪▪▪ systemWindows:exitZero
stdout

Tasks: 1 completed
 Time: 100ms

stderr

