---
source: crates/cli/tests/run_system_test.rs
expression: assert.output()
---
▪▪▪▪ windows:bat
stdout
▪▪▪▪ windows:bat (100ms)
stderr

Tasks: 1 completed
 Time: 100ms



