---
source: crates/cli/tests/run_system_test.rs
expression: assert.output()
---
▪▪▪▪ windows:runFromProject
<WORKSPACE>\windows
▪▪▪▪ windows:runFromProject (100ms)

Tasks: 1 completed
 Time: 100ms



