---
source: crates/cli/tests/run_node_test.rs
assertion_line: 111
expression: get_assert_output(&assert)
---
▪▪▪▪ npm install
▪▪▪▪ node:processExitZero
stdout

Tasks: 1 completed
 Time: 100ms

stderr


