---
source: crates/cli/tests/run_test.rs
assertion_line: 34
expression: get_assert_output(&assert)
---
▪▪▪▪ node:cjs
stdout

Tasks: 1 completed
 Time: 100ms

stderr

