---
source: crates/cli/tests/run_test.rs
expression: assert.output()
---
Error: project_graph::unknown_project

  Ã— No project has been configured with the name or alias unknown.



