---
source: crates/cli/tests/run_node_test.rs
expression: assert.output()
---
▪▪▪▪ npm install
▪▪▪▪ node:processExitNonZero
stdout
▪▪▪▪ node:processExitNonZero (100ms)
stderr

 ERROR  Process ~/.proto/tools/node/18.0.0/bin/node failed with a 1 exit code.



