---
source: crates/cli/tests/run_test.rs
assertion_line: 122
expression: "standardize_separators(get_path_safe_output(&assert,\n        &PathBuf::from(\"./fake/path\")))"
---

 ERROR

Failed to validate .moon/workspace.yml configuration file.

  â–ª expected a sequence of globs or a map of projects for key "workspace.projects" in .moon/workspace.yml YAML Extended file



