---
source: crates/cli/tests/run_test.rs
assertion_line: 968
expression: get_assert_output(&assert)
---
▪▪▪▪ npm install
▪▪▪▪ outputStyles:buffer
▪▪▪▪ outputStyles:buffer (100ms)
stdout

▪▪▪▪ outputStyles:bufferPrimary (no op)

Tasks: 2 completed
 Time: 100ms

stderr



