---
source: crates/cli/tests/run_test.rs
assertion_line: 719
expression: get_assert_output(&assert)
---
▪▪▪▪ npm install
▪▪▪▪ outputStyles:hash
▪▪▪▪ outputStyles:hash (100ms)
▪▪▪▪ outputStyles:hashPrimary (no op)

Tasks: 2 completed
 Time: 100ms

b95fdc5dc7ea811170c7e45dc90ad2e43622a7d661dc5c0988697ebaed57605a


