---
source: crates/cli/src/commands/project_graph.rs
assertion_line: 58
expression: get_assert_output(&assert)

---
digraph {
    0 [ label="(workspace)" style=filled, shape=circle, fillcolor=black, fontcolor=white]
    1 [ label="baz" style=filled, shape=circle, fillcolor=gray, fontcolor=black]
    0 -> 1 [ arrowhead=none]
}


