---
source: nextgen/project-graph/tests/project_graph_test.rs
expression: graph.to_dot()
---
digraph {
    0 [ label="tasks" style=filled, shape=oval, fillcolor=gray, fontcolor=black]
    1 [ label="alias-one" style=filled, shape=oval, fillcolor=gray, fontcolor=black]
    2 [ label="alias-three" style=filled, shape=oval, fillcolor=gray, fontcolor=black]
    3 [ label="implicit" style=filled, shape=oval, fillcolor=gray, fontcolor=black]
    4 [ label="dupes-task-deps" style=filled, shape=oval, fillcolor=gray, fontcolor=black]
    5 [ label="alias-two" style=filled, shape=oval, fillcolor=gray, fontcolor=black]
    6 [ label="dupes-depends-on" style=filled, shape=oval, fillcolor=gray, fontcolor=black]
    7 [ label="explicit-and-implicit" style=filled, shape=oval, fillcolor=gray, fontcolor=black]
    8 [ label="explicit" style=filled, shape=oval, fillcolor=gray, fontcolor=black]
    0 -> 1 [ label="peer" arrowhead=none]
    0 -> 2 [ label="peer" arrowhead=none]
    3 -> 1 [ label="peer" arrowhead=box, arrowtail=box]
    3 -> 2 [ label="build" arrowhead=box, arrowtail=box]
    0 -> 3 [ label="peer" arrowhead=none]
    4 -> 1 [ label="peer" arrowhead=box, arrowtail=box]
    4 -> 1 [ label="peer" arrowhead=box, arrowtail=box]
    6 -> 5 [ label="development" arrowhead=box, arrowtail=box]
    6 -> 5 [ label="build" arrowhead=box, arrowtail=box]
    7 -> 5 [ label="development" arrowhead=box, arrowtail=box]
    7 -> 2 [ label="build" arrowhead=box, arrowtail=box]
    8 -> 5 [ label="production" arrowhead=box, arrowtail=box]
    8 -> 1 [ label="development" arrowhead=box, arrowtail=box]
}

