---
source: nextgen/action-graph/tests/action_graph_test.rs
expression: graph.to_dot()
---
digraph {
    0 [ label="SyncWorkspace" ]
    1 [ label="SetupNodeTool(20.0.0)" ]
    2 [ label="SyncNodeProject(bar)" ]
    3 [ label="SetupNodeTool(18.0.0)" ]
    4 [ label="SyncNodeProject(baz)" ]
    1 -> 0 [ ]
    2 -> 1 [ ]
    3 -> 0 [ ]
    4 -> 3 [ ]
}

