---
source: nextgen/action-graph/tests/action_graph_test.rs
expression: graph.to_dot()
---
digraph {
    0 [ label="SyncWorkspace" ]
    1 [ label="SetupSystemTool" ]
    2 [ label="SyncSystemProject(server)" ]
    3 [ label="RunTask(server:lint)" ]
    1 -> 0 [ ]
    2 -> 1 [ ]
    3 -> 2 [ ]
}

